Information: Updating design information... (UID-85)
Warning: Design 'registerfile_generic_n_bit32_data_bit64' contains 1 high-fanout nets. A fanout number of 1000 will be used for delay calculations involving these nets. (TIM-134)
 
****************************************
Report : timing
        -path full
        -delay max
        -max_paths 1
Design : registerfile_generic_n_bit32_data_bit64
Version: Z-2007.03-SP1
Date   : Wed May  2 01:37:39 2018
****************************************

 # A fanout number of 1000 was used for high fanout net computations.

Operating Conditions: typical   Library: NangateOpenCellLibrary
Wire Load Model Mode: top

  Startpoint: OUT1_reg[63]
              (rising edge-triggered flip-flop)
  Endpoint: OUT1[63] (output port)
  Path Group: (none)
  Path Type: max

  Des/Clust/Port     Wire Load Model       Library
  ------------------------------------------------
  registerfile_generic_n_bit32_data_bit64
                     5K_hvratio_1_1        NangateOpenCellLibrary

  Point                                    Incr       Path
  -----------------------------------------------------------
  OUT1_reg[63]/CK (DFF_X1)                 0.00 #     0.00 r
  OUT1_reg[63]/Q (DFF_X1)                  0.09       0.09 r
  OUT1[63] (out)                           0.00       0.09 r
  data arrival time                                   0.09
  -----------------------------------------------------------
  (Path is unconstrained)


1
